================ 未捕获异常（线程 main） ================
时间: 2026-09-12 14:41:21.646
线程: main
进程: 2961
设备: Xiaomi 2211133C
系统: Android 15 (API 35)
版本: 1.0.0 (1)
异常: java.lang.IllegalStateException: No ActivityResultRegistryOwner was provided via LocalActivityResultRegistryOwner
堆栈:
java.lang.IllegalStateException: No ActivityResultRegistryOwner was provided via LocalActivityResultRegistryOwner
	at k9.p(Unknown Source:2)
	at nx.a(Unknown Source:510)
	at nx.j(Unknown Source:135)
	at ye0.d(Unknown Source:523)
	at yh.e(Unknown Source:38)
	at xh.d(Unknown Source:72)
	at c10.H(Unknown Source:568)
	at c10.R(Unknown Source:151)
	at c10.o(Unknown Source:123)
	at gj.x(Unknown Source:48)
	at hw0.J(Unknown Source:124)
	at fw0.f(Unknown Source:604)
	at d6.doFrame(Unknown Source:8)
	at a6.doFrame(Unknown Source:47)
	at android.view.Choreographer$CallbackRecord.run(Choreographer.java:1564)
	at android.view.Choreographer$CallbackRecord.run(Choreographer.java:1575)
	at android.view.Choreographer.doCallbacks(Choreographer.java:1175)
	at android.view.Choreographer.doFrame(Choreographer.java:1100)
	at android.view.Choreographer$FrameDisplayEventReceiver.run(Choreographer.java:1549)
	at android.os.Handler.handleCallback(Handler.java:991)
	at android.os.Handler.dispatchMessage(Handler.java:102)
	at android.os.Looper.loopOnce(Looper.java:232)
	at android.os.Looper.loop(Looper.java:317)
	at android.app.ActivityThread.main(ActivityThread.java:8971)
	at java.lang.reflect.Method.invoke(Native Method)
	at com.android.internal.os.RuntimeInit$MethodAndArgsCaller.run(RuntimeInit.java:597)
	at com.android.internal.os.ZygoteInit.main(ZygoteInit.java:919)
	Suppressed: vp: [e6@54da7b2, ih0@d4d303, x71{Cancelling}@a3af280, b6@ffc70b9]

